2025/06/08 17:18:34 [notice] 1#1: using the "epoll" event method
2025/06/08 17:18:34 [notice] 1#1: nginx/1.27.5
2025/06/08 17:18:34 [notice] 1#1: built by gcc 12.2.0 (Debian 12.2.0-14) 
2025/06/08 17:18:34 [notice] 1#1: OS: Linux 6.8.0-60-generic
2025/06/08 17:18:34 [notice] 1#1: getrlimit(RLIMIT_NOFILE): 1048576:1048576
2025/06/08 17:18:34 [notice] 1#1: start worker processes
2025/06/08 17:18:34 [notice] 1#1: start worker process 28
2025/06/08 17:18:34 [notice] 1#1: start worker process 29
2025/06/08 17:18:34 [notice] 1#1: start worker process 30
2025/06/08 17:18:34 [notice] 1#1: start worker process 31
2025/06/08 17:18:34 [notice] 1#1: start worker process 32
2025/06/08 17:18:34 [notice] 1#1: start worker process 33
2025/06/08 17:18:34 [notice] 1#1: start worker process 34
2025/06/08 17:18:34 [notice] 1#1: start worker process 35
2025/06/08 17:18:34 [notice] 1#1: start worker process 36
2025/06/08 17:18:34 [notice] 1#1: start worker process 37
2025/06/08 17:18:34 [notice] 1#1: start worker process 38
2025/06/08 17:18:34 [notice] 1#1: start worker process 39
2025/06/08 17:18:55 [error] 28#28: *1 connect() failed (111: Connection refused) while connecting to upstream, client: 172.19.0.1, server: localhost, request: "GET /ping HTTP/1.1", upstream: "http://172.19.0.3:9000/ping", host: "192.168.0.30:8484"
2025/06/08 17:23:30 [notice] 1#1: signal 3 (SIGQUIT) received, shutting down
2025/06/08 17:23:30 [notice] 28#28: gracefully shutting down
2025/06/08 17:23:30 [notice] 30#30: gracefully shutting down
2025/06/08 17:23:30 [notice] 29#29: gracefully shutting down
2025/06/08 17:23:30 [notice] 31#31: gracefully shutting down
2025/06/08 17:23:30 [notice] 28#28: exiting
2025/06/08 17:23:30 [notice] 32#32: gracefully shutting down
2025/06/08 17:23:30 [notice] 33#33: gracefully shutting down
2025/06/08 17:23:30 [notice] 34#34: gracefully shutting down
2025/06/08 17:23:30 [notice] 30#30: exiting
2025/06/08 17:23:30 [notice] 29#29: exiting
2025/06/08 17:23:30 [notice] 35#35: gracefully shutting down
2025/06/08 17:23:30 [notice] 36#36: gracefully shutting down
2025/06/08 17:23:30 [notice] 31#31: exiting
2025/06/08 17:23:30 [notice] 37#37: gracefully shutting down
2025/06/08 17:23:30 [notice] 32#32: exiting
2025/06/08 17:23:30 [notice] 33#33: exiting
2025/06/08 17:23:30 [notice] 34#34: exiting
2025/06/08 17:23:30 [notice] 35#35: exiting
2025/06/08 17:23:30 [notice] 36#36: exiting
2025/06/08 17:23:30 [notice] 37#37: exiting
2025/06/08 17:23:30 [notice] 28#28: exit
2025/06/08 17:23:30 [notice] 29#29: exit
2025/06/08 17:23:30 [notice] 30#30: exit
2025/06/08 17:23:30 [notice] 31#31: exit
2025/06/08 17:23:30 [notice] 33#33: exit
2025/06/08 17:23:30 [notice] 34#34: exit
2025/06/08 17:23:30 [notice] 32#32: exit
2025/06/08 17:23:30 [notice] 36#36: exit
2025/06/08 17:23:30 [notice] 35#35: exit
2025/06/08 17:23:30 [notice] 37#37: exit
2025/06/08 17:23:30 [notice] 38#38: gracefully shutting down
2025/06/08 17:23:30 [notice] 39#39: gracefully shutting down
2025/06/08 17:23:30 [notice] 38#38: exiting
2025/06/08 17:23:30 [notice] 39#39: exiting
2025/06/08 17:23:30 [notice] 38#38: exit
2025/06/08 17:23:30 [notice] 39#39: exit
2025/06/08 17:23:30 [notice] 1#1: signal 17 (SIGCHLD) received from 39
2025/06/08 17:23:30 [notice] 1#1: worker process 39 exited with code 0
2025/06/08 17:23:30 [notice] 1#1: worker process 28 exited with code 0
2025/06/08 17:23:30 [notice] 1#1: signal 29 (SIGIO) received
2025/06/08 17:23:30 [notice] 1#1: signal 17 (SIGCHLD) received from 28
2025/06/08 17:23:30 [notice] 1#1: signal 17 (SIGCHLD) received from 34
2025/06/08 17:23:30 [notice] 1#1: worker process 34 exited with code 0
2025/06/08 17:23:30 [notice] 1#1: signal 29 (SIGIO) received
2025/06/08 17:23:30 [notice] 1#1: signal 17 (SIGCHLD) received from 29
2025/06/08 17:23:30 [notice] 1#1: worker process 29 exited with code 0
2025/06/08 17:23:30 [notice] 1#1: worker process 32 exited with code 0
2025/06/08 17:23:30 [notice] 1#1: worker process 35 exited with code 0
2025/06/08 17:23:30 [notice] 1#1: worker process 37 exited with code 0
2025/06/08 17:23:30 [notice] 1#1: worker process 38 exited with code 0
2025/06/08 17:23:30 [notice] 1#1: signal 29 (SIGIO) received
2025/06/08 17:23:30 [notice] 1#1: signal 17 (SIGCHLD) received from 38
2025/06/08 17:23:30 [notice] 1#1: signal 17 (SIGCHLD) received from 31
2025/06/08 17:23:30 [notice] 1#1: worker process 31 exited with code 0
2025/06/08 17:23:30 [notice] 1#1: worker process 33 exited with code 0
2025/06/08 17:23:30 [notice] 1#1: signal 29 (SIGIO) received
2025/06/08 17:23:30 [notice] 1#1: signal 17 (SIGCHLD) received from 36
2025/06/08 17:23:30 [notice] 1#1: worker process 36 exited with code 0
2025/06/08 17:23:30 [notice] 1#1: signal 29 (SIGIO) received
2025/06/08 17:23:30 [notice] 1#1: signal 17 (SIGCHLD) received from 30
2025/06/08 17:23:30 [notice] 1#1: worker process 30 exited with code 0
2025/06/08 17:23:30 [notice] 1#1: exit
2025/06/08 17:23:44 [notice] 1#1: using the "epoll" event method
2025/06/08 17:23:44 [notice] 1#1: nginx/1.27.5
2025/06/08 17:23:44 [notice] 1#1: built by gcc 12.2.0 (Debian 12.2.0-14) 
2025/06/08 17:23:44 [notice] 1#1: OS: Linux 6.8.0-60-generic
2025/06/08 17:23:44 [notice] 1#1: getrlimit(RLIMIT_NOFILE): 1048576:1048576
2025/06/08 17:23:44 [notice] 1#1: start worker processes
2025/06/08 17:23:44 [notice] 1#1: start worker process 28
2025/06/08 17:23:44 [notice] 1#1: start worker process 29
2025/06/08 17:23:44 [notice] 1#1: start worker process 30
2025/06/08 17:23:44 [notice] 1#1: start worker process 31
2025/06/08 17:23:44 [notice] 1#1: start worker process 32
2025/06/08 17:23:44 [notice] 1#1: start worker process 33
2025/06/08 17:23:44 [notice] 1#1: start worker process 34
2025/06/08 17:23:44 [notice] 1#1: start worker process 35
2025/06/08 17:23:44 [notice] 1#1: start worker process 36
2025/06/08 17:23:44 [notice] 1#1: start worker process 37
2025/06/08 17:23:44 [notice] 1#1: start worker process 38
2025/06/08 17:23:44 [notice] 1#1: start worker process 39
2025/06/08 17:24:42 [notice] 1#1: signal 3 (SIGQUIT) received, shutting down
2025/06/08 17:24:42 [notice] 28#28: gracefully shutting down
2025/06/08 17:24:42 [notice] 30#30: gracefully shutting down
2025/06/08 17:24:42 [notice] 29#29: gracefully shutting down
2025/06/08 17:24:42 [notice] 32#32: gracefully shutting down
2025/06/08 17:24:42 [notice] 31#31: gracefully shutting down
2025/06/08 17:24:42 [notice] 30#30: exiting
2025/06/08 17:24:42 [notice] 33#33: gracefully shutting down
2025/06/08 17:24:42 [notice] 29#29: exiting
2025/06/08 17:24:42 [notice] 32#32: exiting
2025/06/08 17:24:42 [notice] 34#34: gracefully shutting down
2025/06/08 17:24:42 [notice] 35#35: gracefully shutting down
2025/06/08 17:24:42 [notice] 36#36: gracefully shutting down
2025/06/08 17:24:42 [notice] 31#31: exiting
2025/06/08 17:24:42 [notice] 33#33: exiting
2025/06/08 17:24:42 [notice] 34#34: exiting
2025/06/08 17:24:42 [notice] 28#28: exiting
2025/06/08 17:24:42 [notice] 37#37: gracefully shutting down
2025/06/08 17:24:42 [notice] 35#35: exiting
2025/06/08 17:24:42 [notice] 36#36: exiting
2025/06/08 17:24:42 [notice] 30#30: exit
2025/06/08 17:24:42 [notice] 29#29: exit
2025/06/08 17:24:42 [notice] 37#37: exiting
2025/06/08 17:24:42 [notice] 32#32: exit
2025/06/08 17:24:42 [notice] 33#33: exit
2025/06/08 17:24:42 [notice] 31#31: exit
2025/06/08 17:24:42 [notice] 34#34: exit
2025/06/08 17:24:42 [notice] 35#35: exit
2025/06/08 17:24:42 [notice] 28#28: exit
2025/06/08 17:24:42 [notice] 36#36: exit
2025/06/08 17:24:42 [notice] 37#37: exit
2025/06/08 17:24:42 [notice] 38#38: gracefully shutting down
2025/06/08 17:24:42 [notice] 38#38: exiting
2025/06/08 17:24:42 [notice] 38#38: exit
2025/06/08 17:24:42 [notice] 39#39: gracefully shutting down
2025/06/08 17:24:42 [notice] 39#39: exiting
2025/06/08 17:24:42 [notice] 39#39: exit
2025/06/08 17:24:42 [notice] 1#1: signal 17 (SIGCHLD) received from 33
2025/06/08 17:24:42 [notice] 1#1: worker process 33 exited with code 0
2025/06/08 17:24:42 [notice] 1#1: signal 29 (SIGIO) received
2025/06/08 17:24:42 [notice] 1#1: signal 17 (SIGCHLD) received from 36
2025/06/08 17:24:42 [notice] 1#1: worker process 36 exited with code 0
2025/06/08 17:24:42 [notice] 1#1: signal 29 (SIGIO) received
2025/06/08 17:24:42 [notice] 1#1: signal 17 (SIGCHLD) received from 29
2025/06/08 17:24:42 [notice] 1#1: worker process 29 exited with code 0
2025/06/08 17:24:42 [notice] 1#1: signal 29 (SIGIO) received
2025/06/08 17:24:42 [notice] 1#1: signal 17 (SIGCHLD) received from 34
2025/06/08 17:24:42 [notice] 1#1: worker process 34 exited with code 0
2025/06/08 17:24:42 [notice] 1#1: signal 29 (SIGIO) received
2025/06/08 17:24:42 [notice] 1#1: signal 17 (SIGCHLD) received from 39
2025/06/08 17:24:42 [notice] 1#1: worker process 38 exited with code 0
2025/06/08 17:24:42 [notice] 1#1: worker process 39 exited with code 0
2025/06/08 17:24:42 [notice] 1#1: signal 29 (SIGIO) received
2025/06/08 17:24:42 [notice] 1#1: signal 17 (SIGCHLD) received from 38
2025/06/08 17:24:42 [notice] 1#1: worker process 37 exited with code 0
2025/06/08 17:24:42 [notice] 1#1: signal 29 (SIGIO) received
2025/06/08 17:24:42 [notice] 1#1: signal 17 (SIGCHLD) received from 28
2025/06/08 17:24:42 [notice] 1#1: worker process 28 exited with code 0
2025/06/08 17:24:42 [notice] 1#1: worker process 32 exited with code 0
2025/06/08 17:24:42 [notice] 1#1: signal 29 (SIGIO) received
2025/06/08 17:24:42 [notice] 1#1: signal 17 (SIGCHLD) received from 35
2025/06/08 17:24:42 [notice] 1#1: worker process 30 exited with code 0
2025/06/08 17:24:42 [notice] 1#1: worker process 35 exited with code 0
2025/06/08 17:24:42 [notice] 1#1: signal 29 (SIGIO) received
2025/06/08 17:24:42 [notice] 1#1: signal 17 (SIGCHLD) received from 30
2025/06/08 17:24:42 [notice] 1#1: signal 17 (SIGCHLD) received from 31
2025/06/08 17:24:42 [notice] 1#1: worker process 31 exited with code 0
2025/06/08 17:24:42 [notice] 1#1: exit
2025/06/08 17:24:45 [notice] 1#1: using the "epoll" event method
2025/06/08 17:24:45 [notice] 1#1: nginx/1.27.5
2025/06/08 17:24:45 [notice] 1#1: built by gcc 12.2.0 (Debian 12.2.0-14) 
2025/06/08 17:24:45 [notice] 1#1: OS: Linux 6.8.0-60-generic
2025/06/08 17:24:45 [notice] 1#1: getrlimit(RLIMIT_NOFILE): 1048576:1048576
2025/06/08 17:24:45 [notice] 1#1: start worker processes
2025/06/08 17:24:45 [notice] 1#1: start worker process 28
2025/06/08 17:24:45 [notice] 1#1: start worker process 29
2025/06/08 17:24:45 [notice] 1#1: start worker process 30
2025/06/08 17:24:45 [notice] 1#1: start worker process 31
2025/06/08 17:24:45 [notice] 1#1: start worker process 32
2025/06/08 17:24:45 [notice] 1#1: start worker process 33
2025/06/08 17:24:45 [notice] 1#1: start worker process 34
2025/06/08 17:24:45 [notice] 1#1: start worker process 35
2025/06/08 17:24:45 [notice] 1#1: start worker process 36
2025/06/08 17:24:45 [notice] 1#1: start worker process 37
2025/06/08 17:24:45 [notice] 1#1: start worker process 38
2025/06/08 17:24:45 [notice] 1#1: start worker process 39
2025/06/08 17:24:52 [notice] 1#1: signal 3 (SIGQUIT) received, shutting down
2025/06/08 17:24:52 [notice] 28#28: gracefully shutting down
2025/06/08 17:24:52 [notice] 29#29: gracefully shutting down
2025/06/08 17:24:52 [notice] 30#30: gracefully shutting down
2025/06/08 17:24:52 [notice] 31#31: gracefully shutting down
2025/06/08 17:24:52 [notice] 32#32: gracefully shutting down
2025/06/08 17:24:52 [notice] 30#30: exiting
2025/06/08 17:24:52 [notice] 29#29: exiting
2025/06/08 17:24:52 [notice] 33#33: gracefully shutting down
2025/06/08 17:24:52 [notice] 34#34: gracefully shutting down
2025/06/08 17:24:52 [notice] 31#31: exiting
2025/06/08 17:24:52 [notice] 35#35: gracefully shutting down
2025/06/08 17:24:52 [notice] 36#36: gracefully shutting down
2025/06/08 17:24:52 [notice] 32#32: exiting
2025/06/08 17:24:52 [notice] 33#33: exiting
2025/06/08 17:24:52 [notice] 34#34: exiting
2025/06/08 17:24:52 [notice] 35#35: exiting
2025/06/08 17:24:52 [notice] 28#28: exiting
2025/06/08 17:24:52 [notice] 37#37: gracefully shutting down
2025/06/08 17:24:52 [notice] 36#36: exiting
2025/06/08 17:24:52 [notice] 29#29: exit
2025/06/08 17:24:52 [notice] 30#30: exit
2025/06/08 17:24:52 [notice] 37#37: exiting
2025/06/08 17:24:52 [notice] 31#31: exit
2025/06/08 17:24:52 [notice] 32#32: exit
2025/06/08 17:24:52 [notice] 33#33: exit
2025/06/08 17:24:52 [notice] 28#28: exit
2025/06/08 17:24:52 [notice] 35#35: exit
2025/06/08 17:24:52 [notice] 34#34: exit
2025/06/08 17:24:52 [notice] 36#36: exit
2025/06/08 17:24:52 [notice] 37#37: exit
2025/06/08 17:24:52 [notice] 38#38: gracefully shutting down
2025/06/08 17:24:52 [notice] 38#38: exiting
2025/06/08 17:24:52 [notice] 38#38: exit
2025/06/08 17:24:52 [notice] 39#39: gracefully shutting down
2025/06/08 17:24:52 [notice] 39#39: exiting
2025/06/08 17:24:52 [notice] 39#39: exit
2025/06/08 17:24:52 [notice] 1#1: signal 17 (SIGCHLD) received from 36
2025/06/08 17:24:52 [notice] 1#1: worker process 36 exited with code 0
2025/06/08 17:24:52 [notice] 1#1: signal 29 (SIGIO) received
2025/06/08 17:24:52 [notice] 1#1: signal 17 (SIGCHLD) received from 31
2025/06/08 17:24:52 [notice] 1#1: worker process 30 exited with code 0
2025/06/08 17:24:52 [notice] 1#1: worker process 31 exited with code 0
2025/06/08 17:24:52 [notice] 1#1: worker process 37 exited with code 0
2025/06/08 17:24:52 [notice] 1#1: worker process 38 exited with code 0
2025/06/08 17:24:52 [notice] 1#1: worker process 39 exited with code 0
2025/06/08 17:24:52 [notice] 1#1: signal 29 (SIGIO) received
2025/06/08 17:24:52 [notice] 1#1: signal 17 (SIGCHLD) received from 39
2025/06/08 17:24:52 [notice] 1#1: worker process 32 exited with code 0
2025/06/08 17:24:52 [notice] 1#1: worker process 35 exited with code 0
2025/06/08 17:24:52 [notice] 1#1: signal 29 (SIGIO) received
2025/06/08 17:24:52 [notice] 1#1: signal 17 (SIGCHLD) received from 34
2025/06/08 17:24:52 [notice] 1#1: worker process 34 exited with code 0
2025/06/08 17:24:52 [notice] 1#1: signal 29 (SIGIO) received
2025/06/08 17:24:52 [notice] 1#1: signal 17 (SIGCHLD) received from 28
2025/06/08 17:24:52 [notice] 1#1: worker process 28 exited with code 0
2025/06/08 17:24:52 [notice] 1#1: signal 29 (SIGIO) received
2025/06/08 17:24:52 [notice] 1#1: signal 17 (SIGCHLD) received from 33
2025/06/08 17:24:52 [notice] 1#1: worker process 33 exited with code 0
2025/06/08 17:24:52 [notice] 1#1: signal 17 (SIGCHLD) received from 29
2025/06/08 17:24:52 [notice] 1#1: worker process 29 exited with code 0
2025/06/08 17:24:52 [notice] 1#1: exit
2025/06/08 17:24:57 [notice] 1#1: using the "epoll" event method
2025/06/08 17:24:57 [notice] 1#1: nginx/1.27.5
2025/06/08 17:24:57 [notice] 1#1: built by gcc 12.2.0 (Debian 12.2.0-14) 
2025/06/08 17:24:57 [notice] 1#1: OS: Linux 6.8.0-60-generic
2025/06/08 17:24:57 [notice] 1#1: getrlimit(RLIMIT_NOFILE): 1048576:1048576
2025/06/08 17:24:57 [notice] 1#1: start worker processes
2025/06/08 17:24:57 [notice] 1#1: start worker process 28
2025/06/08 17:24:57 [notice] 1#1: start worker process 29
2025/06/08 17:24:57 [notice] 1#1: start worker process 30
2025/06/08 17:24:57 [notice] 1#1: start worker process 31
2025/06/08 17:24:57 [notice] 1#1: start worker process 32
2025/06/08 17:24:57 [notice] 1#1: start worker process 33
2025/06/08 17:24:57 [notice] 1#1: start worker process 34
2025/06/08 17:24:57 [notice] 1#1: start worker process 35
2025/06/08 17:24:57 [notice] 1#1: start worker process 36
2025/06/08 17:24:57 [notice] 1#1: start worker process 37
2025/06/08 17:24:57 [notice] 1#1: start worker process 38
2025/06/08 17:24:57 [notice] 1#1: start worker process 39
2025/06/08 17:25:36 [notice] 1#1: signal 3 (SIGQUIT) received, shutting down
2025/06/08 17:25:36 [notice] 28#28: gracefully shutting down
2025/06/08 17:25:36 [notice] 30#30: gracefully shutting down
2025/06/08 17:25:36 [notice] 29#29: gracefully shutting down
2025/06/08 17:25:36 [notice] 32#32: gracefully shutting down
2025/06/08 17:25:36 [notice] 31#31: gracefully shutting down
2025/06/08 17:25:36 [notice] 30#30: exiting
2025/06/08 17:25:36 [notice] 32#32: exiting
2025/06/08 17:25:36 [notice] 29#29: exiting
2025/06/08 17:25:36 [notice] 35#35: gracefully shutting down
2025/06/08 17:25:36 [notice] 33#33: gracefully shutting down
2025/06/08 17:25:36 [notice] 34#34: gracefully shutting down
2025/06/08 17:25:36 [notice] 36#36: gracefully shutting down
2025/06/08 17:25:36 [notice] 31#31: exiting
2025/06/08 17:25:36 [notice] 28#28: exiting
2025/06/08 17:25:36 [notice] 35#35: exiting
2025/06/08 17:25:36 [notice] 37#37: gracefully shutting down
2025/06/08 17:25:36 [notice] 33#33: exiting
2025/06/08 17:25:36 [notice] 38#38: gracefully shutting down
2025/06/08 17:25:36 [notice] 34#34: exiting
2025/06/08 17:25:36 [notice] 36#36: exiting
2025/06/08 17:25:36 [notice] 30#30: exit
2025/06/08 17:25:36 [notice] 32#32: exit
2025/06/08 17:25:36 [notice] 29#29: exit
2025/06/08 17:25:36 [notice] 37#37: exiting
2025/06/08 17:25:36 [notice] 38#38: exiting
2025/06/08 17:25:36 [notice] 28#28: exit
2025/06/08 17:25:36 [notice] 33#33: exit
2025/06/08 17:25:36 [notice] 31#31: exit
2025/06/08 17:25:36 [notice] 35#35: exit
2025/06/08 17:25:36 [notice] 34#34: exit
2025/06/08 17:25:36 [notice] 36#36: exit
2025/06/08 17:25:36 [notice] 38#38: exit
2025/06/08 17:25:36 [notice] 37#37: exit
2025/06/08 17:25:36 [notice] 39#39: gracefully shutting down
2025/06/08 17:25:36 [notice] 39#39: exiting
2025/06/08 17:25:36 [notice] 39#39: exit
2025/06/08 17:25:36 [notice] 1#1: signal 17 (SIGCHLD) received from 38
2025/06/08 17:25:36 [notice] 1#1: worker process 28 exited with code 0
2025/06/08 17:25:36 [notice] 1#1: worker process 36 exited with code 0
2025/06/08 17:25:36 [notice] 1#1: worker process 37 exited with code 0
2025/06/08 17:25:36 [notice] 1#1: worker process 38 exited with code 0
2025/06/08 17:25:36 [notice] 1#1: signal 29 (SIGIO) received
2025/06/08 17:25:36 [notice] 1#1: signal 17 (SIGCHLD) received from 29
2025/06/08 17:25:36 [notice] 1#1: worker process 29 exited with code 0
2025/06/08 17:25:36 [notice] 1#1: signal 29 (SIGIO) received
2025/06/08 17:25:36 [notice] 1#1: signal 17 (SIGCHLD) received from 35
2025/06/08 17:25:36 [notice] 1#1: worker process 35 exited with code 0
2025/06/08 17:25:36 [notice] 1#1: signal 29 (SIGIO) received
2025/06/08 17:25:36 [notice] 1#1: signal 17 (SIGCHLD) received from 34
2025/06/08 17:25:36 [notice] 1#1: worker process 34 exited with code 0
2025/06/08 17:25:36 [notice] 1#1: signal 29 (SIGIO) received
2025/06/08 17:25:36 [notice] 1#1: signal 17 (SIGCHLD) received from 31
2025/06/08 17:25:36 [notice] 1#1: worker process 31 exited with code 0
2025/06/08 17:25:36 [notice] 1#1: signal 29 (SIGIO) received
2025/06/08 17:25:36 [notice] 1#1: signal 17 (SIGCHLD) received from 39
2025/06/08 17:25:36 [notice] 1#1: worker process 32 exited with code 0
2025/06/08 17:25:36 [notice] 1#1: worker process 39 exited with code 0
2025/06/08 17:25:36 [notice] 1#1: signal 29 (SIGIO) received
2025/06/08 17:25:36 [notice] 1#1: signal 17 (SIGCHLD) received from 32
2025/06/08 17:25:36 [notice] 1#1: signal 17 (SIGCHLD) received from 30
2025/06/08 17:25:36 [notice] 1#1: worker process 30 exited with code 0
2025/06/08 17:25:36 [notice] 1#1: signal 29 (SIGIO) received
2025/06/08 17:25:36 [notice] 1#1: signal 17 (SIGCHLD) received from 33
2025/06/08 17:25:36 [notice] 1#1: worker process 33 exited with code 0
2025/06/08 17:25:36 [notice] 1#1: exit
2025/06/08 17:26:31 [notice] 1#1: using the "epoll" event method
2025/06/08 17:26:31 [notice] 1#1: nginx/1.27.5
2025/06/08 17:26:31 [notice] 1#1: built by gcc 12.2.0 (Debian 12.2.0-14) 
2025/06/08 17:26:31 [notice] 1#1: OS: Linux 6.8.0-60-generic
2025/06/08 17:26:31 [notice] 1#1: getrlimit(RLIMIT_NOFILE): 1048576:1048576
2025/06/08 17:26:31 [notice] 1#1: start worker processes
2025/06/08 17:26:31 [notice] 1#1: start worker process 28
2025/06/08 17:26:31 [notice] 1#1: start worker process 29
2025/06/08 17:26:31 [notice] 1#1: start worker process 30
2025/06/08 17:26:31 [notice] 1#1: start worker process 31
2025/06/08 17:26:31 [notice] 1#1: start worker process 32
2025/06/08 17:26:31 [notice] 1#1: start worker process 33
2025/06/08 17:26:31 [notice] 1#1: start worker process 34
2025/06/08 17:26:31 [notice] 1#1: start worker process 35
2025/06/08 17:26:31 [notice] 1#1: start worker process 36
2025/06/08 17:26:31 [notice] 1#1: start worker process 37
2025/06/08 17:26:31 [notice] 1#1: start worker process 38
2025/06/08 17:26:31 [notice] 1#1: start worker process 39
2025/06/08 17:27:11 [notice] 1#1: signal 3 (SIGQUIT) received, shutting down
2025/06/08 17:27:11 [notice] 28#28: gracefully shutting down
2025/06/08 17:27:11 [notice] 29#29: gracefully shutting down
2025/06/08 17:27:11 [notice] 30#30: gracefully shutting down
2025/06/08 17:27:11 [notice] 31#31: gracefully shutting down
2025/06/08 17:27:11 [notice] 32#32: gracefully shutting down
2025/06/08 17:27:11 [notice] 34#34: gracefully shutting down
2025/06/08 17:27:11 [notice] 33#33: gracefully shutting down
2025/06/08 17:27:11 [notice] 29#29: exiting
2025/06/08 17:27:11 [notice] 35#35: gracefully shutting down
2025/06/08 17:27:11 [notice] 30#30: exiting
2025/06/08 17:27:11 [notice] 31#31: exiting
2025/06/08 17:27:11 [notice] 36#36: gracefully shutting down
2025/06/08 17:27:11 [notice] 32#32: exiting
2025/06/08 17:27:11 [notice] 34#34: exiting
2025/06/08 17:27:11 [notice] 33#33: exiting
2025/06/08 17:27:11 [notice] 35#35: exiting
2025/06/08 17:27:11 [notice] 36#36: exiting
2025/06/08 17:27:11 [notice] 37#37: gracefully shutting down
2025/06/08 17:27:11 [notice] 28#28: exiting
2025/06/08 17:27:11 [notice] 37#37: exiting
2025/06/08 17:27:11 [notice] 30#30: exit
2025/06/08 17:27:11 [notice] 32#32: exit
2025/06/08 17:27:11 [notice] 29#29: exit
2025/06/08 17:27:11 [notice] 31#31: exit
2025/06/08 17:27:11 [notice] 35#35: exit
2025/06/08 17:27:11 [notice] 34#34: exit
2025/06/08 17:27:11 [notice] 33#33: exit
2025/06/08 17:27:11 [notice] 28#28: exit
2025/06/08 17:27:11 [notice] 36#36: exit
2025/06/08 17:27:11 [notice] 37#37: exit
2025/06/08 17:27:11 [notice] 38#38: gracefully shutting down
2025/06/08 17:27:11 [notice] 38#38: exiting
2025/06/08 17:27:11 [notice] 38#38: exit
2025/06/08 17:27:11 [notice] 39#39: gracefully shutting down
2025/06/08 17:27:11 [notice] 39#39: exiting
2025/06/08 17:27:11 [notice] 39#39: exit
2025/06/08 17:27:11 [notice] 1#1: signal 17 (SIGCHLD) received from 36
2025/06/08 17:27:11 [notice] 1#1: worker process 36 exited with code 0
2025/06/08 17:27:11 [notice] 1#1: signal 29 (SIGIO) received
2025/06/08 17:27:11 [notice] 1#1: signal 17 (SIGCHLD) received from 31
2025/06/08 17:27:11 [notice] 1#1: worker process 31 exited with code 0
2025/06/08 17:27:11 [notice] 1#1: signal 29 (SIGIO) received
2025/06/08 17:27:11 [notice] 1#1: signal 17 (SIGCHLD) received from 32
2025/06/08 17:27:11 [notice] 1#1: worker process 29 exited with code 0
2025/06/08 17:27:11 [notice] 1#1: worker process 32 exited with code 0
2025/06/08 17:27:11 [notice] 1#1: signal 29 (SIGIO) received
2025/06/08 17:27:11 [notice] 1#1: signal 17 (SIGCHLD) received from 30
2025/06/08 17:27:11 [notice] 1#1: worker process 30 exited with code 0
2025/06/08 17:27:11 [notice] 1#1: signal 29 (SIGIO) received
2025/06/08 17:27:11 [notice] 1#1: signal 17 (SIGCHLD) received from 38
2025/06/08 17:27:11 [notice] 1#1: worker process 38 exited with code 0
2025/06/08 17:27:11 [notice] 1#1: signal 29 (SIGIO) received
2025/06/08 17:27:11 [notice] 1#1: signal 17 (SIGCHLD) received from 28
2025/06/08 17:27:11 [notice] 1#1: worker process 28 exited with code 0
2025/06/08 17:27:11 [notice] 1#1: worker process 33 exited with code 0
2025/06/08 17:27:11 [notice] 1#1: signal 29 (SIGIO) received
2025/06/08 17:27:11 [notice] 1#1: signal 17 (SIGCHLD) received from 37
2025/06/08 17:27:11 [notice] 1#1: worker process 34 exited with code 0
2025/06/08 17:27:11 [notice] 1#1: worker process 37 exited with code 0
2025/06/08 17:27:11 [notice] 1#1: worker process 39 exited with code 0
2025/06/08 17:27:11 [notice] 1#1: signal 29 (SIGIO) received
2025/06/08 17:27:11 [notice] 1#1: signal 17 (SIGCHLD) received from 35
2025/06/08 17:27:11 [notice] 1#1: worker process 35 exited with code 0
2025/06/08 17:27:11 [notice] 1#1: exit
2025/06/08 17:28:04 [notice] 1#1: using the "epoll" event method
2025/06/08 17:28:04 [notice] 1#1: nginx/1.27.5
2025/06/08 17:28:04 [notice] 1#1: built by gcc 12.2.0 (Debian 12.2.0-14) 
2025/06/08 17:28:04 [notice] 1#1: OS: Linux 6.8.0-60-generic
2025/06/08 17:28:04 [notice] 1#1: getrlimit(RLIMIT_NOFILE): 1048576:1048576
2025/06/08 17:28:04 [notice] 1#1: start worker processes
2025/06/08 17:28:04 [notice] 1#1: start worker process 28
2025/06/08 17:28:04 [notice] 1#1: start worker process 29
2025/06/08 17:28:04 [notice] 1#1: start worker process 30
2025/06/08 17:28:04 [notice] 1#1: start worker process 31
2025/06/08 17:28:04 [notice] 1#1: start worker process 32
2025/06/08 17:28:04 [notice] 1#1: start worker process 33
2025/06/08 17:28:04 [notice] 1#1: start worker process 34
2025/06/08 17:28:04 [notice] 1#1: start worker process 35
2025/06/08 17:28:04 [notice] 1#1: start worker process 36
2025/06/08 17:28:04 [notice] 1#1: start worker process 37
2025/06/08 17:28:04 [notice] 1#1: start worker process 38
2025/06/08 17:28:04 [notice] 1#1: start worker process 39
2025/06/08 17:28:34 [notice] 1#1: signal 3 (SIGQUIT) received, shutting down
2025/06/08 17:28:34 [notice] 28#28: gracefully shutting down
2025/06/08 17:28:34 [notice] 29#29: gracefully shutting down
2025/06/08 17:28:34 [notice] 30#30: gracefully shutting down
2025/06/08 17:28:34 [notice] 31#31: gracefully shutting down
2025/06/08 17:28:34 [notice] 33#33: gracefully shutting down
2025/06/08 17:28:34 [notice] 32#32: gracefully shutting down
2025/06/08 17:28:34 [notice] 28#28: exiting
2025/06/08 17:28:34 [notice] 29#29: exiting
2025/06/08 17:28:34 [notice] 34#34: gracefully shutting down
2025/06/08 17:28:34 [notice] 35#35: gracefully shutting down
2025/06/08 17:28:34 [notice] 36#36: gracefully shutting down
2025/06/08 17:28:34 [notice] 30#30: exiting
2025/06/08 17:28:34 [notice] 31#31: exiting
2025/06/08 17:28:34 [notice] 33#33: exiting
2025/06/08 17:28:34 [notice] 37#37: gracefully shutting down
2025/06/08 17:28:34 [notice] 32#32: exiting
2025/06/08 17:28:34 [notice] 34#34: exiting
2025/06/08 17:28:34 [notice] 35#35: exiting
2025/06/08 17:28:34 [notice] 36#36: exiting
2025/06/08 17:28:34 [notice] 37#37: exiting
2025/06/08 17:28:34 [notice] 28#28: exit
2025/06/08 17:28:34 [notice] 29#29: exit
2025/06/08 17:28:34 [notice] 30#30: exit
2025/06/08 17:28:34 [notice] 31#31: exit
2025/06/08 17:28:34 [notice] 33#33: exit
2025/06/08 17:28:34 [notice] 32#32: exit
2025/06/08 17:28:34 [notice] 34#34: exit
2025/06/08 17:28:34 [notice] 35#35: exit
2025/06/08 17:28:34 [notice] 36#36: exit
2025/06/08 17:28:34 [notice] 37#37: exit
2025/06/08 17:28:34 [notice] 39#39: gracefully shutting down
2025/06/08 17:28:34 [notice] 38#38: gracefully shutting down
2025/06/08 17:28:34 [notice] 39#39: exiting
2025/06/08 17:28:34 [notice] 38#38: exiting
2025/06/08 17:28:34 [notice] 39#39: exit
2025/06/08 17:28:34 [notice] 38#38: exit
2025/06/08 17:28:34 [notice] 1#1: signal 17 (SIGCHLD) received from 32
2025/06/08 17:28:34 [notice] 1#1: worker process 32 exited with code 0
2025/06/08 17:28:34 [notice] 1#1: signal 29 (SIGIO) received
2025/06/08 17:28:34 [notice] 1#1: signal 17 (SIGCHLD) received from 30
2025/06/08 17:28:34 [notice] 1#1: worker process 30 exited with code 0
2025/06/08 17:28:34 [notice] 1#1: signal 29 (SIGIO) received
2025/06/08 17:28:34 [notice] 1#1: signal 17 (SIGCHLD) received from 31
2025/06/08 17:28:34 [notice] 1#1: worker process 29 exited with code 0
2025/06/08 17:28:34 [notice] 1#1: worker process 31 exited with code 0
2025/06/08 17:28:34 [notice] 1#1: signal 29 (SIGIO) received
2025/06/08 17:28:34 [notice] 1#1: signal 17 (SIGCHLD) received from 34
2025/06/08 17:28:34 [notice] 1#1: worker process 28 exited with code 0
2025/06/08 17:28:34 [notice] 1#1: worker process 34 exited with code 0
2025/06/08 17:28:34 [notice] 1#1: worker process 37 exited with code 0
2025/06/08 17:28:34 [notice] 1#1: signal 29 (SIGIO) received
2025/06/08 17:28:34 [notice] 1#1: signal 17 (SIGCHLD) received from 28
2025/06/08 17:28:34 [notice] 1#1: signal 17 (SIGCHLD) received from 36
2025/06/08 17:28:34 [notice] 1#1: worker process 36 exited with code 0
2025/06/08 17:28:34 [notice] 1#1: worker process 39 exited with code 0
2025/06/08 17:28:34 [notice] 1#1: signal 29 (SIGIO) received
2025/06/08 17:28:34 [notice] 1#1: signal 17 (SIGCHLD) received from 39
2025/06/08 17:28:34 [notice] 1#1: signal 17 (SIGCHLD) received from 35
2025/06/08 17:28:34 [notice] 1#1: worker process 35 exited with code 0
2025/06/08 17:28:34 [notice] 1#1: signal 29 (SIGIO) received
2025/06/08 17:28:34 [notice] 1#1: signal 17 (SIGCHLD) received from 33
2025/06/08 17:28:34 [notice] 1#1: worker process 33 exited with code 0
2025/06/08 17:28:34 [notice] 1#1: signal 29 (SIGIO) received
2025/06/08 17:28:34 [notice] 1#1: signal 17 (SIGCHLD) received from 38
2025/06/08 17:28:34 [notice] 1#1: worker process 38 exited with code 0
2025/06/08 17:28:34 [notice] 1#1: exit
2025/06/08 17:28:37 [notice] 1#1: using the "epoll" event method
2025/06/08 17:28:37 [notice] 1#1: nginx/1.27.5
2025/06/08 17:28:37 [notice] 1#1: built by gcc 12.2.0 (Debian 12.2.0-14) 
2025/06/08 17:28:37 [notice] 1#1: OS: Linux 6.8.0-60-generic
2025/06/08 17:28:37 [notice] 1#1: getrlimit(RLIMIT_NOFILE): 1048576:1048576
2025/06/08 17:28:37 [notice] 1#1: start worker processes
2025/06/08 17:28:37 [notice] 1#1: start worker process 28
2025/06/08 17:28:37 [notice] 1#1: start worker process 29
2025/06/08 17:28:37 [notice] 1#1: start worker process 30
2025/06/08 17:28:37 [notice] 1#1: start worker process 31
2025/06/08 17:28:37 [notice] 1#1: start worker process 32
2025/06/08 17:28:37 [notice] 1#1: start worker process 33
2025/06/08 17:28:37 [notice] 1#1: start worker process 34
2025/06/08 17:28:37 [notice] 1#1: start worker process 35
2025/06/08 17:28:37 [notice] 1#1: start worker process 36
2025/06/08 17:28:37 [notice] 1#1: start worker process 37
2025/06/08 17:28:37 [notice] 1#1: start worker process 38
2025/06/08 17:28:37 [notice] 1#1: start worker process 39
2025/06/08 17:28:40 [notice] 1#1: signal 3 (SIGQUIT) received, shutting down
2025/06/08 17:28:40 [notice] 28#28: gracefully shutting down
2025/06/08 17:28:40 [notice] 29#29: gracefully shutting down
2025/06/08 17:28:40 [notice] 31#31: gracefully shutting down
2025/06/08 17:28:40 [notice] 32#32: gracefully shutting down
2025/06/08 17:28:40 [notice] 30#30: gracefully shutting down
2025/06/08 17:28:40 [notice] 33#33: gracefully shutting down
2025/06/08 17:28:40 [notice] 28#28: exiting
2025/06/08 17:28:40 [notice] 35#35: gracefully shutting down
2025/06/08 17:28:40 [notice] 34#34: gracefully shutting down
2025/06/08 17:28:40 [notice] 29#29: exiting
2025/06/08 17:28:40 [notice] 36#36: gracefully shutting down
2025/06/08 17:28:40 [notice] 31#31: exiting
2025/06/08 17:28:40 [notice] 32#32: exiting
2025/06/08 17:28:40 [notice] 30#30: exiting
2025/06/08 17:28:40 [notice] 37#37: gracefully shutting down
2025/06/08 17:28:40 [notice] 33#33: exiting
2025/06/08 17:28:40 [notice] 35#35: exiting
2025/06/08 17:28:40 [notice] 34#34: exiting
2025/06/08 17:28:40 [notice] 36#36: exiting
2025/06/08 17:28:40 [notice] 37#37: exiting
2025/06/08 17:28:40 [notice] 28#28: exit
2025/06/08 17:28:40 [notice] 29#29: exit
2025/06/08 17:28:40 [notice] 31#31: exit
2025/06/08 17:28:40 [notice] 32#32: exit
2025/06/08 17:28:40 [notice] 30#30: exit
2025/06/08 17:28:40 [notice] 33#33: exit
2025/06/08 17:28:40 [notice] 34#34: exit
2025/06/08 17:28:40 [notice] 35#35: exit
2025/06/08 17:28:40 [notice] 37#37: exit
2025/06/08 17:28:40 [notice] 36#36: exit
2025/06/08 17:28:40 [notice] 39#39: gracefully shutting down
2025/06/08 17:28:40 [notice] 38#38: gracefully shutting down
2025/06/08 17:28:40 [notice] 39#39: exiting
2025/06/08 17:28:40 [notice] 38#38: exiting
2025/06/08 17:28:40 [notice] 39#39: exit
2025/06/08 17:28:40 [notice] 38#38: exit
2025/06/08 17:28:40 [notice] 1#1: signal 17 (SIGCHLD) received from 38
2025/06/08 17:28:40 [notice] 1#1: worker process 28 exited with code 0
2025/06/08 17:28:40 [notice] 1#1: worker process 29 exited with code 0
2025/06/08 17:28:40 [notice] 1#1: worker process 30 exited with code 0
2025/06/08 17:28:40 [notice] 1#1: worker process 33 exited with code 0
2025/06/08 17:28:40 [notice] 1#1: worker process 35 exited with code 0
2025/06/08 17:28:40 [notice] 1#1: worker process 36 exited with code 0
2025/06/08 17:28:40 [notice] 1#1: worker process 37 exited with code 0
2025/06/08 17:28:40 [notice] 1#1: worker process 38 exited with code 0
2025/06/08 17:28:40 [notice] 1#1: worker process 39 exited with code 0
2025/06/08 17:28:40 [notice] 1#1: signal 29 (SIGIO) received
2025/06/08 17:28:40 [notice] 1#1: signal 17 (SIGCHLD) received from 28
2025/06/08 17:28:40 [notice] 1#1: signal 17 (SIGCHLD) received from 34
2025/06/08 17:28:40 [notice] 1#1: worker process 34 exited with code 0
2025/06/08 17:28:40 [notice] 1#1: signal 29 (SIGIO) received
2025/06/08 17:28:40 [notice] 1#1: signal 17 (SIGCHLD) received from 31
2025/06/08 17:28:40 [notice] 1#1: worker process 31 exited with code 0
2025/06/08 17:28:40 [notice] 1#1: signal 29 (SIGIO) received
2025/06/08 17:28:40 [notice] 1#1: signal 17 (SIGCHLD) received from 32
2025/06/08 17:28:40 [notice] 1#1: worker process 32 exited with code 0
2025/06/08 17:28:40 [notice] 1#1: exit
